src/app/(dashboard)/attendance/actions.ts(80,34): error TS2769: No overload matches this call.
  Overload 1 of 4, '(value: string | number | Date): Date', gave the following error.
    Argument of type 'string | null' is not assignable to parameter of type 'string | number | Date'.
      Type 'null' is not assignable to type 'string | number | Date'.
  Overload 2 of 4, '(value: string | number): Date', gave the following error.
    Argument of type 'string | null' is not assignable to parameter of type 'string | number'.
      Type 'null' is not assignable to type 'string | number'.
src/app/(dashboard)/employees/page.tsx(93,36): error TS2345: Argument of type 'string' is not assignable to parameter of type 'NonNullable<"ACTIVE" | "INACTIVE" | "ON_LEAVE" | "RESIGNED" | "TERMINATED">'.
src/app/(dashboard)/employees/page.tsx(97,45): error TS2345: Argument of type 'string' is not assignable to parameter of type 'NonNullable<"FULL_TIME" | "PART_TIME" | "CONTRACT" | "INTERN">'.
src/app/(dashboard)/employees/page.tsx(124,17): error TS2322: Type '{ id: string; name: string; }[]' is not assignable to type '{ id: string; organization_id: string; name: string; description: string | null; head_id: string | null; is_active: boolean; created_at: string; updated_at: string; }[]'.
  Type '{ id: string; name: string; }' is missing the following properties from type '{ id: string; organization_id: string; name: string; description: string | null; head_id: string | null; is_active: boolean; created_at: string; updated_at: string; }': organization_id, description, head_id, is_active, and 2 more.
src/app/(dashboard)/employees/page.tsx(125,17): error TS2322: Type '{ id: string; name: string; }[]' is not assignable to type '{ id: string; organization_id: string; name: string; description: string | null; level: number; is_active: boolean; department_id?: string | null | undefined; created_at: string; updated_at: string; }[]'.
  Type '{ id: string; name: string; }' is missing the following properties from type '{ id: string; organization_id: string; name: string; description: string | null; level: number; is_active: boolean; department_id?: string | null | undefined; created_at: string; updated_at: string; }': organization_id, description, level, is_active, and 2 more.
src/app/(dashboard)/employees/page.tsx(174,63): error TS2339: Property 'name' does not exist on type 'SelectQueryError<"could not find the relation between employees and department_id">'.
src/app/(dashboard)/employees/page.tsx(177,64): error TS2339: Property 'name' does not exist on type 'SelectQueryError<"could not find the relation between employees and designation_id">'.
src/app/(dashboard)/organization/actions.ts(45,57): error TS2339: Property 'errors' does not exist on type 'ZodError<{ name: string; email: string; phone?: string | undefined; address?: string | undefined; }>'.
src/app/(dashboard)/payroll/employees/actions.ts(28,14): error TS2769: No overload matches this call.
  Overload 1 of 2, '(values: { id?: string | undefined; organization_id: string; employee_id: string; salary_structure_id?: string | null | undefined; base_salary: number; payment_method?: string | undefined; bank_details?: any; effective_date: string; created_at?: string | undefined; updated_at?: string | undefined; }, options?: { ...; } | undefined): PostgrestFilterBuilder<...>', gave the following error.
    Argument of type '{ organization_id: string; employee_id: string; salary_structure_id: string | null; base_salary: number; payment_method: string; }' is not assignable to parameter of type '{ id?: string | undefined; organization_id: string; employee_id: string; salary_structure_id?: string | null | undefined; base_salary: number; payment_method?: string | undefined; bank_details?: any; effective_date: string; created_at?: string | undefined; updated_at?: string | undefined; }'.
      Property 'effective_date' is missing in type '{ organization_id: string; employee_id: string; salary_structure_id: string | null; base_salary: number; payment_method: string; }' but required in type '{ id?: string | undefined; organization_id: string; employee_id: string; salary_structure_id?: string | null | undefined; base_salary: number; payment_method?: string | undefined; bank_details?: any; effective_date: string; created_at?: string | undefined; updated_at?: string | undefined; }'.
  Overload 2 of 2, '(values: { id?: string | undefined; organization_id: string; employee_id: string; salary_structure_id?: string | null | undefined; base_salary: number; payment_method?: string | undefined; bank_details?: any; effective_date: string; created_at?: string | undefined; updated_at?: string | undefined; }[], options?: { ...; } | undefined): PostgrestFilterBuilder<...>', gave the following error.
    Object literal may only specify known properties, and 'organization_id' does not exist in type '{ id?: string | undefined; organization_id: string; employee_id: string; salary_structure_id?: string | null | undefined; base_salary: number; payment_method?: string | undefined; bank_details?: any; effective_date: string; created_at?: string | undefined; updated_at?: string | undefined; }[]'.
src/app/(dashboard)/payroll/run/actions.ts(135,36): error TS18047: 'userData' is possibly 'null'.
src/app/(dashboard)/payroll/structures/actions.ts(49,40): error TS2339: Property 'errors' does not exist on type 'ZodError<{ name: string; components: { earnings: { name: string; type: "earning" | "deduction"; amount_type: "percentage" | "fixed"; value: number; is_taxable: boolean; }[]; deductions: { name: string; type: "earning" | "deduction"; amount_type: "percentage" | "fixed"; value: number; is_taxable: boolean; }[]; }; des...'.
src/app/(dashboard)/payroll/structures/actions.ts(100,40): error TS2339: Property 'errors' does not exist on type 'ZodError<{ name: string; components: { earnings: { name: string; type: "earning" | "deduction"; amount_type: "percentage" | "fixed"; value: number; is_taxable: boolean; }[]; deductions: { name: string; type: "earning" | "deduction"; amount_type: "percentage" | "fixed"; value: number; is_taxable: boolean; }[]; }; des...'.
src/app/(dashboard)/settings/actions.ts(5,10): error TS2724: '"@/components/settings/organization-form"' has no exported member named 'OrganizationFormValues'. Did you mean 'OrganizationForm'?
src/app/(dashboard)/settings/actions.ts(68,23): error TS2345: Argument of type 'string | undefined' is not assignable to parameter of type 'string'.
  Type 'undefined' is not assignable to type 'string'.
src/components/leaves/holiday-dialog.tsx(52,33): error TS2769: No overload matches this call.
  Overload 1 of 2, '(action: (state: { success: boolean; error: string; message?: undefined; } | { success: boolean; message: string; error?: undefined; }) => { success: boolean; error: string; message?: undefined; } | { success: boolean; message: string; error?: undefined; } | Promise<...>, initialState: { ...; } | { ...; }, permalink?: string | undefined): [state: ...]', gave the following error.
    Argument of type '(prevState: any, formData: FormData) => Promise<{ success: boolean; error: string; message?: undefined; } | { success: boolean; message: string; error?: undefined; }>' is not assignable to parameter of type '(state: { success: boolean; error: string; message?: undefined; } | { success: boolean; message: string; error?: undefined; }) => { success: boolean; error: string; message?: undefined; } | { success: boolean; message: string; error?: undefined; } | Promise<...>'.
      Target signature provides too few arguments. Expected 2 or more, but got 1.
  Overload 2 of 2, '(action: (state: { success: boolean; error: string; message?: undefined; } | { success: boolean; message: string; error?: undefined; }, payload: FormData) => { success: boolean; error: string; message?: undefined; } | { ...; } | Promise<...>, initialState: { ...; } | { ...; }, permalink?: string | undefined): [state: ...]', gave the following error.
    Argument of type '{ success: boolean; error: string; message: string; }' is not assignable to parameter of type '{ success: boolean; error: string; message?: undefined; } | { success: boolean; message: string; error?: undefined; }'.
      Type '{ success: boolean; error: string; message: string; }' is not assignable to type '{ success: boolean; error: string; message?: undefined; }'.
        Types of property 'message' are incompatible.
          Type 'string' is not assignable to type 'undefined'.
src/components/leaves/leave-application-form.tsx(42,33): error TS2769: No overload matches this call.
  Overload 1 of 2, '(action: (state: { success: boolean; error: any; message?: undefined; } | { success: boolean; message: string; error?: undefined; }) => { success: boolean; error: any; message?: undefined; } | { success: boolean; message: string; error?: undefined; } | Promise<...>, initialState: { ...; } | { ...; }, permalink?: string | undefined): [state: ...]', gave the following error.
    Argument of type '(prevState: any, formData: FormData) => Promise<{ success: boolean; error: any; message?: undefined; } | { success: boolean; message: string; error?: undefined; }>' is not assignable to parameter of type '(state: { success: boolean; error: any; message?: undefined; } | { success: boolean; message: string; error?: undefined; }) => { success: boolean; error: any; message?: undefined; } | { success: boolean; message: string; error?: undefined; } | Promise<...>'.
      Target signature provides too few arguments. Expected 2 or more, but got 1.
  Overload 2 of 2, '(action: (state: { success: boolean; error: any; message?: undefined; } | { success: boolean; message: string; error?: undefined; }, payload: FormData) => { success: boolean; error: any; message?: undefined; } | { ...; } | Promise<...>, initialState: { ...; } | { ...; }, permalink?: string | undefined): [state: ...]', gave the following error.
    Argument of type '{ success: boolean; error: string; message: string; }' is not assignable to parameter of type '{ success: boolean; error: any; message?: undefined; } | { success: boolean; message: string; error?: undefined; }'.
      Type '{ success: boolean; error: string; message: string; }' is not assignable to type '{ success: boolean; error: any; message?: undefined; }'.
        Types of property 'message' are incompatible.
          Type 'string' is not assignable to type 'undefined'.
src/components/settings/department-form.tsx(46,9): error TS2322: Type 'Resolver<{ name: string; description?: string | undefined; isActive?: boolean | undefined; }, any, { name: string; isActive: boolean; description?: string | undefined; }>' is not assignable to type 'Resolver<{ name: string; isActive: boolean; description?: string | undefined; }, any, { name: string; isActive: boolean; description?: string | undefined; }>'.
  Types of parameters 'options' and 'options' are incompatible.
    Type 'ResolverOptions<{ name: string; isActive: boolean; description?: string | undefined; }>' is not assignable to type 'ResolverOptions<{ name: string; description?: string | undefined; isActive?: boolean | undefined; }>'.
      Type 'boolean | undefined' is not assignable to type 'boolean'.
        Type 'undefined' is not assignable to type 'boolean'.
src/components/settings/department-form.tsx(79,47): error TS2345: Argument of type '(data: { name: string; isActive: boolean; description?: string | undefined; }) => Promise<void>' is not assignable to parameter of type 'SubmitHandler<TFieldValues>'.
  Types of parameters 'data' and 'data' are incompatible.
    Type 'TFieldValues' is not assignable to type '{ name: string; isActive: boolean; description?: string | undefined; }'.
      Type 'FieldValues' is missing the following properties from type '{ name: string; isActive: boolean; description?: string | undefined; }': name, isActive
src/components/settings/department-form.tsx(81,21): error TS2322: Type 'Control<{ name: string; isActive: boolean; description?: string | undefined; }, any, TFieldValues>' is not assignable to type 'Control<{ name: string; isActive: boolean; description?: string | undefined; }, any, { name: string; isActive: boolean; description?: string | undefined; }>'.
  The types of '_options.resolver' are incompatible between these types.
    Type 'Resolver<{ name: string; isActive: boolean; description?: string | undefined; }, any, TFieldValues> | undefined' is not assignable to type 'Resolver<{ name: string; isActive: boolean; description?: string | undefined; }, any, { name: string; isActive: boolean; description?: string | undefined; }> | undefined'.
      Type 'Resolver<{ name: string; isActive: boolean; description?: string | undefined; }, any, TFieldValues>' is not assignable to type 'Resolver<{ name: string; isActive: boolean; description?: string | undefined; }, any, { name: string; isActive: boolean; description?: string | undefined; }>'.
        Type 'ResolverResult<{ name: string; isActive: boolean; description?: string | undefined; }, TFieldValues> | Promise<ResolverResult<{ name: string; isActive: boolean; description?: string | undefined; }, TFieldValues>>' is not assignable to type 'ResolverResult<{ name: string; isActive: boolean; description?: string | undefined; }, { name: string; isActive: boolean; description?: string | undefined; }> | Promise<ResolverResult<{ ...; }, { ...; }>>'.
          Type 'ResolverSuccess<TFieldValues>' is not assignable to type 'ResolverResult<{ name: string; isActive: boolean; description?: string | undefined; }, { name: string; isActive: boolean; description?: string | undefined; }> | Promise<ResolverResult<{ ...; }, { ...; }>>'.
            Type 'ResolverSuccess<TFieldValues>' is not assignable to type 'ResolverSuccess<{ name: string; isActive: boolean; description?: string | undefined; }>'.
              Type 'TFieldValues' is not assignable to type '{ name: string; isActive: boolean; description?: string | undefined; }'.
                Type 'FieldValues' is missing the following properties from type '{ name: string; isActive: boolean; description?: string | undefined; }': name, isActive
src/components/settings/department-form.tsx(95,21): error TS2322: Type 'Control<{ name: string; isActive: boolean; description?: string | undefined; }, any, TFieldValues>' is not assignable to type 'Control<{ name: string; isActive: boolean; description?: string | undefined; }, any, { name: string; isActive: boolean; description?: string | undefined; }>'.
  The types of '_options.resolver' are incompatible between these types.
    Type 'Resolver<{ name: string; isActive: boolean; description?: string | undefined; }, any, TFieldValues> | undefined' is not assignable to type 'Resolver<{ name: string; isActive: boolean; description?: string | undefined; }, any, { name: string; isActive: boolean; description?: string | undefined; }> | undefined'.
      Type 'Resolver<{ name: string; isActive: boolean; description?: string | undefined; }, any, TFieldValues>' is not assignable to type 'Resolver<{ name: string; isActive: boolean; description?: string | undefined; }, any, { name: string; isActive: boolean; description?: string | undefined; }>'.
        Type 'ResolverResult<{ name: string; isActive: boolean; description?: string | undefined; }, TFieldValues> | Promise<ResolverResult<{ name: string; isActive: boolean; description?: string | undefined; }, TFieldValues>>' is not assignable to type 'ResolverResult<{ name: string; isActive: boolean; description?: string | undefined; }, { name: string; isActive: boolean; description?: string | undefined; }> | Promise<ResolverResult<{ ...; }, { ...; }>>'.
          Type 'ResolverSuccess<TFieldValues>' is not assignable to type 'ResolverResult<{ name: string; isActive: boolean; description?: string | undefined; }, { name: string; isActive: boolean; description?: string | undefined; }> | Promise<ResolverResult<{ ...; }, { ...; }>>'.
            Type 'ResolverSuccess<TFieldValues>' is not assignable to type 'ResolverSuccess<{ name: string; isActive: boolean; description?: string | undefined; }>'.
              Type 'TFieldValues' is not assignable to type '{ name: string; isActive: boolean; description?: string | undefined; }'.
                Type 'FieldValues' is missing the following properties from type '{ name: string; isActive: boolean; description?: string | undefined; }': name, isActive
src/components/settings/department-form.tsx(109,21): error TS2322: Type 'Control<{ name: string; isActive: boolean; description?: string | undefined; }, any, TFieldValues>' is not assignable to type 'Control<{ name: string; isActive: boolean; description?: string | undefined; }, any, { name: string; isActive: boolean; description?: string | undefined; }>'.
  The types of '_options.resolver' are incompatible between these types.
    Type 'Resolver<{ name: string; isActive: boolean; description?: string | undefined; }, any, TFieldValues> | undefined' is not assignable to type 'Resolver<{ name: string; isActive: boolean; description?: string | undefined; }, any, { name: string; isActive: boolean; description?: string | undefined; }> | undefined'.
      Type 'Resolver<{ name: string; isActive: boolean; description?: string | undefined; }, any, TFieldValues>' is not assignable to type 'Resolver<{ name: string; isActive: boolean; description?: string | undefined; }, any, { name: string; isActive: boolean; description?: string | undefined; }>'.
        Type 'ResolverResult<{ name: string; isActive: boolean; description?: string | undefined; }, TFieldValues> | Promise<ResolverResult<{ name: string; isActive: boolean; description?: string | undefined; }, TFieldValues>>' is not assignable to type 'ResolverResult<{ name: string; isActive: boolean; description?: string | undefined; }, { name: string; isActive: boolean; description?: string | undefined; }> | Promise<ResolverResult<{ ...; }, { ...; }>>'.
          Type 'ResolverSuccess<TFieldValues>' is not assignable to type 'ResolverResult<{ name: string; isActive: boolean; description?: string | undefined; }, { name: string; isActive: boolean; description?: string | undefined; }> | Promise<ResolverResult<{ ...; }, { ...; }>>'.
            Type 'ResolverSuccess<TFieldValues>' is not assignable to type 'ResolverSuccess<{ name: string; isActive: boolean; description?: string | undefined; }>'.
              Type 'TFieldValues' is not assignable to type '{ name: string; isActive: boolean; description?: string | undefined; }'.
                Type 'FieldValues' is missing the following properties from type '{ name: string; isActive: boolean; description?: string | undefined; }': name, isActive
src/components/settings/designation-form.tsx(61,9): error TS2322: Type 'Resolver<{ name: string; level: unknown; description?: string | undefined; departmentId?: string | undefined; isActive?: boolean | undefined; }, any, { name: string; level: number; isActive: boolean; description?: string | undefined; departmentId?: string | undefined; }>' is not assignable to type 'Resolver<{ name: string; level: number; isActive: boolean; description?: string | undefined; departmentId?: string | undefined; }, any, { name: string; level: number; isActive: boolean; description?: string | undefined; departmentId?: string | undefined; }>'.
  Types of parameters 'options' and 'options' are incompatible.
    Type 'ResolverOptions<{ name: string; level: number; isActive: boolean; description?: string | undefined; departmentId?: string | undefined; }>' is not assignable to type 'ResolverOptions<{ name: string; level: unknown; description?: string | undefined; departmentId?: string | undefined; isActive?: boolean | undefined; }>'.
      Type 'unknown' is not assignable to type 'number'.
src/components/settings/designation-form.tsx(96,47): error TS2345: Argument of type '(data: { name: string; level: number; isActive: boolean; description?: string | undefined; departmentId?: string | undefined; }) => Promise<void>' is not assignable to parameter of type 'SubmitHandler<TFieldValues>'.
  Types of parameters 'data' and 'data' are incompatible.
    Type 'TFieldValues' is not assignable to type '{ name: string; level: number; isActive: boolean; description?: string | undefined; departmentId?: string | undefined; }'.
      Type 'FieldValues' is missing the following properties from type '{ name: string; level: number; isActive: boolean; description?: string | undefined; departmentId?: string | undefined; }': name, level, isActive
src/components/settings/designation-form.tsx(100,29): error TS2322: Type 'Control<{ name: string; level: number; isActive: boolean; description?: string | undefined; departmentId?: string | undefined; }, any, TFieldValues>' is not assignable to type 'Control<{ name: string; level: number; isActive: boolean; description?: string | undefined; departmentId?: string | undefined; }, any, { name: string; level: number; isActive: boolean; description?: string | undefined; departmentId?: string | undefined; }>'.
  The types of '_options.resolver' are incompatible between these types.
    Type 'Resolver<{ name: string; level: number; isActive: boolean; description?: string | undefined; departmentId?: string | undefined; }, any, TFieldValues> | undefined' is not assignable to type 'Resolver<{ name: string; level: number; isActive: boolean; description?: string | undefined; departmentId?: string | undefined; }, any, { name: string; level: number; isActive: boolean; description?: string | undefined; departmentId?: string | undefined; }> | undefined'.
      Type 'Resolver<{ name: string; level: number; isActive: boolean; description?: string | undefined; departmentId?: string | undefined; }, any, TFieldValues>' is not assignable to type 'Resolver<{ name: string; level: number; isActive: boolean; description?: string | undefined; departmentId?: string | undefined; }, any, { name: string; level: number; isActive: boolean; description?: string | undefined; departmentId?: string | undefined; }>'.
        Type 'ResolverResult<{ name: string; level: number; isActive: boolean; description?: string | undefined; departmentId?: string | undefined; }, TFieldValues> | Promise<...>' is not assignable to type 'ResolverResult<{ name: string; level: number; isActive: boolean; description?: string | undefined; departmentId?: string | undefined; }, { name: string; level: number; isActive: boolean; description?: string | undefined; departmentId?: string | undefined; }> | Promise<...>'.
          Type 'ResolverSuccess<TFieldValues>' is not assignable to type 'ResolverResult<{ name: string; level: number; isActive: boolean; description?: string | undefined; departmentId?: string | undefined; }, { name: string; level: number; isActive: boolean; description?: string | undefined; departmentId?: string | undefined; }> | Promise<...>'.
            Type 'ResolverSuccess<TFieldValues>' is not assignable to type 'ResolverSuccess<{ name: string; level: number; isActive: boolean; description?: string | undefined; departmentId?: string | undefined; }>'.
              Type 'TFieldValues' is not assignable to type '{ name: string; level: number; isActive: boolean; description?: string | undefined; departmentId?: string | undefined; }'.
                Type 'FieldValues' is missing the following properties from type '{ name: string; level: number; isActive: boolean; description?: string | undefined; departmentId?: string | undefined; }': name, level, isActive
src/components/settings/designation-form.tsx(115,29): error TS2322: Type 'Control<{ name: string; level: number; isActive: boolean; description?: string | undefined; departmentId?: string | undefined; }, any, TFieldValues>' is not assignable to type 'Control<{ name: string; level: number; isActive: boolean; description?: string | undefined; departmentId?: string | undefined; }, any, { name: string; level: number; isActive: boolean; description?: string | undefined; departmentId?: string | undefined; }>'.
  The types of '_options.resolver' are incompatible between these types.
    Type 'Resolver<{ name: string; level: number; isActive: boolean; description?: string | undefined; departmentId?: string | undefined; }, any, TFieldValues> | undefined' is not assignable to type 'Resolver<{ name: string; level: number; isActive: boolean; description?: string | undefined; departmentId?: string | undefined; }, any, { name: string; level: number; isActive: boolean; description?: string | undefined; departmentId?: string | undefined; }> | undefined'.
      Type 'Resolver<{ name: string; level: number; isActive: boolean; description?: string | undefined; departmentId?: string | undefined; }, any, TFieldValues>' is not assignable to type 'Resolver<{ name: string; level: number; isActive: boolean; description?: string | undefined; departmentId?: string | undefined; }, any, { name: string; level: number; isActive: boolean; description?: string | undefined; departmentId?: string | undefined; }>'.
        Type 'ResolverResult<{ name: string; level: number; isActive: boolean; description?: string | undefined; departmentId?: string | undefined; }, TFieldValues> | Promise<...>' is not assignable to type 'ResolverResult<{ name: string; level: number; isActive: boolean; description?: string | undefined; departmentId?: string | undefined; }, { name: string; level: number; isActive: boolean; description?: string | undefined; departmentId?: string | undefined; }> | Promise<...>'.
          Type 'ResolverSuccess<TFieldValues>' is not assignable to type 'ResolverResult<{ name: string; level: number; isActive: boolean; description?: string | undefined; departmentId?: string | undefined; }, { name: string; level: number; isActive: boolean; description?: string | undefined; departmentId?: string | undefined; }> | Promise<...>'.
            Type 'ResolverSuccess<TFieldValues>' is not assignable to type 'ResolverSuccess<{ name: string; level: number; isActive: boolean; description?: string | undefined; departmentId?: string | undefined; }>'.
              Type 'TFieldValues' is not assignable to type '{ name: string; level: number; isActive: boolean; description?: string | undefined; departmentId?: string | undefined; }'.
                Type 'FieldValues' is missing the following properties from type '{ name: string; level: number; isActive: boolean; description?: string | undefined; departmentId?: string | undefined; }': name, level, isActive
src/components/settings/designation-form.tsx(131,21): error TS2322: Type 'Control<{ name: string; level: number; isActive: boolean; description?: string | undefined; departmentId?: string | undefined; }, any, TFieldValues>' is not assignable to type 'Control<{ name: string; level: number; isActive: boolean; description?: string | undefined; departmentId?: string | undefined; }, any, { name: string; level: number; isActive: boolean; description?: string | undefined; departmentId?: string | undefined; }>'.
  The types of '_options.resolver' are incompatible between these types.
    Type 'Resolver<{ name: string; level: number; isActive: boolean; description?: string | undefined; departmentId?: string | undefined; }, any, TFieldValues> | undefined' is not assignable to type 'Resolver<{ name: string; level: number; isActive: boolean; description?: string | undefined; departmentId?: string | undefined; }, any, { name: string; level: number; isActive: boolean; description?: string | undefined; departmentId?: string | undefined; }> | undefined'.
      Type 'Resolver<{ name: string; level: number; isActive: boolean; description?: string | undefined; departmentId?: string | undefined; }, any, TFieldValues>' is not assignable to type 'Resolver<{ name: string; level: number; isActive: boolean; description?: string | undefined; departmentId?: string | undefined; }, any, { name: string; level: number; isActive: boolean; description?: string | undefined; departmentId?: string | undefined; }>'.
        Type 'ResolverResult<{ name: string; level: number; isActive: boolean; description?: string | undefined; departmentId?: string | undefined; }, TFieldValues> | Promise<...>' is not assignable to type 'ResolverResult<{ name: string; level: number; isActive: boolean; description?: string | undefined; departmentId?: string | undefined; }, { name: string; level: number; isActive: boolean; description?: string | undefined; departmentId?: string | undefined; }> | Promise<...>'.
          Type 'ResolverSuccess<TFieldValues>' is not assignable to type 'ResolverResult<{ name: string; level: number; isActive: boolean; description?: string | undefined; departmentId?: string | undefined; }, { name: string; level: number; isActive: boolean; description?: string | undefined; departmentId?: string | undefined; }> | Promise<...>'.
            Type 'ResolverSuccess<TFieldValues>' is not assignable to type 'ResolverSuccess<{ name: string; level: number; isActive: boolean; description?: string | undefined; departmentId?: string | undefined; }>'.
              Type 'TFieldValues' is not assignable to type '{ name: string; level: number; isActive: boolean; description?: string | undefined; departmentId?: string | undefined; }'.
                Type 'FieldValues' is missing the following properties from type '{ name: string; level: number; isActive: boolean; description?: string | undefined; departmentId?: string | undefined; }': name, level, isActive
src/components/settings/designation-form.tsx(161,25): error TS2322: Type 'Control<{ name: string; level: number; isActive: boolean; description?: string | undefined; departmentId?: string | undefined; }, any, TFieldValues>' is not assignable to type 'Control<{ name: string; level: number; isActive: boolean; description?: string | undefined; departmentId?: string | undefined; }, any, { name: string; level: number; isActive: boolean; description?: string | undefined; departmentId?: string | undefined; }>'.
  The types of '_options.resolver' are incompatible between these types.
    Type 'Resolver<{ name: string; level: number; isActive: boolean; description?: string | undefined; departmentId?: string | undefined; }, any, TFieldValues> | undefined' is not assignable to type 'Resolver<{ name: string; level: number; isActive: boolean; description?: string | undefined; departmentId?: string | undefined; }, any, { name: string; level: number; isActive: boolean; description?: string | undefined; departmentId?: string | undefined; }> | undefined'.
      Type 'Resolver<{ name: string; level: number; isActive: boolean; description?: string | undefined; departmentId?: string | undefined; }, any, TFieldValues>' is not assignable to type 'Resolver<{ name: string; level: number; isActive: boolean; description?: string | undefined; departmentId?: string | undefined; }, any, { name: string; level: number; isActive: boolean; description?: string | undefined; departmentId?: string | undefined; }>'.
        Type 'ResolverResult<{ name: string; level: number; isActive: boolean; description?: string | undefined; departmentId?: string | undefined; }, TFieldValues> | Promise<...>' is not assignable to type 'ResolverResult<{ name: string; level: number; isActive: boolean; description?: string | undefined; departmentId?: string | undefined; }, { name: string; level: number; isActive: boolean; description?: string | undefined; departmentId?: string | undefined; }> | Promise<...>'.
          Type 'ResolverSuccess<TFieldValues>' is not assignable to type 'ResolverResult<{ name: string; level: number; isActive: boolean; description?: string | undefined; departmentId?: string | undefined; }, { name: string; level: number; isActive: boolean; description?: string | undefined; departmentId?: string | undefined; }> | Promise<...>'.
            Type 'ResolverSuccess<TFieldValues>' is not assignable to type 'ResolverSuccess<{ name: string; level: number; isActive: boolean; description?: string | undefined; departmentId?: string | undefined; }>'.
              Type 'TFieldValues' is not assignable to type '{ name: string; level: number; isActive: boolean; description?: string | undefined; departmentId?: string | undefined; }'.
                Type 'FieldValues' is missing the following properties from type '{ name: string; level: number; isActive: boolean; description?: string | undefined; departmentId?: string | undefined; }': name, level, isActive
src/components/settings/designation-form.tsx(177,21): error TS2322: Type 'Control<{ name: string; level: number; isActive: boolean; description?: string | undefined; departmentId?: string | undefined; }, any, TFieldValues>' is not assignable to type 'Control<{ name: string; level: number; isActive: boolean; description?: string | undefined; departmentId?: string | undefined; }, any, { name: string; level: number; isActive: boolean; description?: string | undefined; departmentId?: string | undefined; }>'.
  The types of '_options.resolver' are incompatible between these types.
    Type 'Resolver<{ name: string; level: number; isActive: boolean; description?: string | undefined; departmentId?: string | undefined; }, any, TFieldValues> | undefined' is not assignable to type 'Resolver<{ name: string; level: number; isActive: boolean; description?: string | undefined; departmentId?: string | undefined; }, any, { name: string; level: number; isActive: boolean; description?: string | undefined; departmentId?: string | undefined; }> | undefined'.
      Type 'Resolver<{ name: string; level: number; isActive: boolean; description?: string | undefined; departmentId?: string | undefined; }, any, TFieldValues>' is not assignable to type 'Resolver<{ name: string; level: number; isActive: boolean; description?: string | undefined; departmentId?: string | undefined; }, any, { name: string; level: number; isActive: boolean; description?: string | undefined; departmentId?: string | undefined; }>'.
        Type 'ResolverResult<{ name: string; level: number; isActive: boolean; description?: string | undefined; departmentId?: string | undefined; }, TFieldValues> | Promise<...>' is not assignable to type 'ResolverResult<{ name: string; level: number; isActive: boolean; description?: string | undefined; departmentId?: string | undefined; }, { name: string; level: number; isActive: boolean; description?: string | undefined; departmentId?: string | undefined; }> | Promise<...>'.
          Type 'ResolverSuccess<TFieldValues>' is not assignable to type 'ResolverResult<{ name: string; level: number; isActive: boolean; description?: string | undefined; departmentId?: string | undefined; }, { name: string; level: number; isActive: boolean; description?: string | undefined; departmentId?: string | undefined; }> | Promise<...>'.
            Type 'ResolverSuccess<TFieldValues>' is not assignable to type 'ResolverSuccess<{ name: string; level: number; isActive: boolean; description?: string | undefined; departmentId?: string | undefined; }>'.
              Type 'TFieldValues' is not assignable to type '{ name: string; level: number; isActive: boolean; description?: string | undefined; departmentId?: string | undefined; }'.
                Type 'FieldValues' is missing the following properties from type '{ name: string; level: number; isActive: boolean; description?: string | undefined; departmentId?: string | undefined; }': name, level, isActive
