src/app/(dashboard)/attendance/actions.ts(80,34): error TS2769: No overload matches this call.
  Overload 1 of 4, '(value: string | number | Date): Date', gave the following error.
    Argument of type 'string | null' is not assignable to parameter of type 'string | number | Date'.
      Type 'null' is not assignable to type 'string | number | Date'.
  Overload 2 of 4, '(value: string | number): Date', gave the following error.
    Argument of type 'string | null' is not assignable to parameter of type 'string | number'.
      Type 'null' is not assignable to type 'string | number'.
src/app/(dashboard)/employees/page.tsx(93,36): error TS2345: Argument of type 'string' is not assignable to parameter of type 'NonNullable<"ACTIVE" | "INACTIVE" | "ON_LEAVE" | "RESIGNED" | "TERMINATED">'.
src/app/(dashboard)/employees/page.tsx(97,45): error TS2345: Argument of type 'string' is not assignable to parameter of type 'NonNullable<"FULL_TIME" | "PART_TIME" | "CONTRACT" | "INTERN">'.
src/app/(dashboard)/employees/page.tsx(124,17): error TS2322: Type '{ id: string; name: string; }[]' is not assignable to type '{ id: string; organization_id: string; name: string; description: string | null; head_id: string | null; is_active: boolean; created_at: string; updated_at: string; }[]'.
  Type '{ id: string; name: string; }' is missing the following properties from type '{ id: string; organization_id: string; name: string; description: string | null; head_id: string | null; is_active: boolean; created_at: string; updated_at: string; }': organization_id, description, head_id, is_active, and 2 more.
src/app/(dashboard)/employees/page.tsx(125,17): error TS2322: Type '{ id: string; name: string; }[]' is not assignable to type '{ id: string; organization_id: string; name: string; description: string | null; level: number; is_active: boolean; department_id?: string | null | undefined; created_at: string; updated_at: string; }[]'.
  Type '{ id: string; name: string; }' is missing the following properties from type '{ id: string; organization_id: string; name: string; description: string | null; level: number; is_active: boolean; department_id?: string | null | undefined; created_at: string; updated_at: string; }': organization_id, description, level, is_active, and 2 more.
src/app/(dashboard)/employees/page.tsx(174,63): error TS2339: Property 'name' does not exist on type 'SelectQueryError<"could not find the relation between employees and department_id">'.
src/app/(dashboard)/employees/page.tsx(177,64): error TS2339: Property 'name' does not exist on type 'SelectQueryError<"could not find the relation between employees and designation_id">'.
src/app/(dashboard)/organization/actions.ts(45,57): error TS2339: Property 'errors' does not exist on type 'ZodError<{ name: string; email: string; phone?: string | undefined; address?: string | undefined; }>'.
src/app/(dashboard)/payroll/employees/actions.ts(28,14): error TS2769: No overload matches this call.
  Overload 1 of 2, '(values: { id?: string | undefined; organization_id: string; employee_id: string; salary_structure_id?: string | null | undefined; base_salary: number; payment_method?: string | undefined; bank_details?: any; effective_date: string; created_at?: string | undefined; updated_at?: string | undefined; }, options?: { ...; } | undefined): PostgrestFilterBuilder<...>', gave the following error.
    Argument of type '{ organization_id: string; employee_id: string; salary_structure_id: string | null; base_salary: number; payment_method: string; }' is not assignable to parameter of type '{ id?: string | undefined; organization_id: string; employee_id: string; salary_structure_id?: string | null | undefined; base_salary: number; payment_method?: string | undefined; bank_details?: any; effective_date: string; created_at?: string | undefined; updated_at?: string | undefined; }'.
      Property 'effective_date' is missing in type '{ organization_id: string; employee_id: string; salary_structure_id: string | null; base_salary: number; payment_method: string; }' but required in type '{ id?: string | undefined; organization_id: string; employee_id: string; salary_structure_id?: string | null | undefined; base_salary: number; payment_method?: string | undefined; bank_details?: any; effective_date: string; created_at?: string | undefined; updated_at?: string | undefined; }'.
  Overload 2 of 2, '(values: { id?: string | undefined; organization_id: string; employee_id: string; salary_structure_id?: string | null | undefined; base_salary: number; payment_method?: string | undefined; bank_details?: any; effective_date: string; created_at?: string | undefined; updated_at?: string | undefined; }[], options?: { ...; } | undefined): PostgrestFilterBuilder<...>', gave the following error.
    Object literal may only specify known properties, and 'organization_id' does not exist in type '{ id?: string | undefined; organization_id: string; employee_id: string; salary_structure_id?: string | null | undefined; base_salary: number; payment_method?: string | undefined; bank_details?: any; effective_date: string; created_at?: string | undefined; updated_at?: string | undefined; }[]'.
src/app/(dashboard)/payroll/run/actions.ts(135,36): error TS18047: 'userData' is possibly 'null'.
src/app/(dashboard)/payroll/structures/actions.ts(49,40): error TS2339: Property 'errors' does not exist on type 'ZodError<{ name: string; components: { earnings: { name: string; type: "earning" | "deduction"; amount_type: "percentage" | "fixed"; value: number; is_taxable: boolean; }[]; deductions: { name: string; type: "earning" | "deduction"; amount_type: "percentage" | "fixed"; value: number; is_taxable: boolean; }[]; }; des...'.
src/app/(dashboard)/payroll/structures/actions.ts(100,40): error TS2339: Property 'errors' does not exist on type 'ZodError<{ name: string; components: { earnings: { name: string; type: "earning" | "deduction"; amount_type: "percentage" | "fixed"; value: number; is_taxable: boolean; }[]; deductions: { name: string; type: "earning" | "deduction"; amount_type: "percentage" | "fixed"; value: number; is_taxable: boolean; }[]; }; des...'.
src/app/(dashboard)/settings/actions.ts(68,23): error TS2345: Argument of type 'string | undefined' is not assignable to parameter of type 'string'.
  Type 'undefined' is not assignable to type 'string'.
src/components/leaves/holiday-dialog.tsx(52,33): error TS2769: No overload matches this call.
  Overload 1 of 2, '(action: (state: { success: boolean; error: string; message?: undefined; } | { success: boolean; message: string; error?: undefined; }) => { success: boolean; error: string; message?: undefined; } | { success: boolean; message: string; error?: undefined; } | Promise<...>, initialState: { ...; } | { ...; }, permalink?: string | undefined): [state: ...]', gave the following error.
    Argument of type '(prevState: any, formData: FormData) => Promise<{ success: boolean; error: string; message?: undefined; } | { success: boolean; message: string; error?: undefined; }>' is not assignable to parameter of type '(state: { success: boolean; error: string; message?: undefined; } | { success: boolean; message: string; error?: undefined; }) => { success: boolean; error: string; message?: undefined; } | { success: boolean; message: string; error?: undefined; } | Promise<...>'.
      Target signature provides too few arguments. Expected 2 or more, but got 1.
  Overload 2 of 2, '(action: (state: { success: boolean; error: string; message?: undefined; } | { success: boolean; message: string; error?: undefined; }, payload: FormData) => { success: boolean; error: string; message?: undefined; } | { ...; } | Promise<...>, initialState: { ...; } | { ...; }, permalink?: string | undefined): [state: ...]', gave the following error.
    Argument of type '{ success: boolean; error: string; message: string; }' is not assignable to parameter of type '{ success: boolean; error: string; message?: undefined; } | { success: boolean; message: string; error?: undefined; }'.
      Type '{ success: boolean; error: string; message: string; }' is not assignable to type '{ success: boolean; error: string; message?: undefined; }'.
        Types of property 'message' are incompatible.
          Type 'string' is not assignable to type 'undefined'.
src/components/leaves/leave-application-form.tsx(42,33): error TS2769: No overload matches this call.
  Overload 1 of 2, '(action: (state: { success: boolean; error: any; message?: undefined; } | { success: boolean; message: string; error?: undefined; }) => { success: boolean; error: any; message?: undefined; } | { success: boolean; message: string; error?: undefined; } | Promise<...>, initialState: { ...; } | { ...; }, permalink?: string | undefined): [state: ...]', gave the following error.
    Argument of type '(prevState: any, formData: FormData) => Promise<{ success: boolean; error: any; message?: undefined; } | { success: boolean; message: string; error?: undefined; }>' is not assignable to parameter of type '(state: { success: boolean; error: any; message?: undefined; } | { success: boolean; message: string; error?: undefined; }) => { success: boolean; error: any; message?: undefined; } | { success: boolean; message: string; error?: undefined; } | Promise<...>'.
      Target signature provides too few arguments. Expected 2 or more, but got 1.
  Overload 2 of 2, '(action: (state: { success: boolean; error: any; message?: undefined; } | { success: boolean; message: string; error?: undefined; }, payload: FormData) => { success: boolean; error: any; message?: undefined; } | { ...; } | Promise<...>, initialState: { ...; } | { ...; }, permalink?: string | undefined): [state: ...]', gave the following error.
    Argument of type '{ success: boolean; error: string; message: string; }' is not assignable to parameter of type '{ success: boolean; error: any; message?: undefined; } | { success: boolean; message: string; error?: undefined; }'.
      Type '{ success: boolean; error: string; message: string; }' is not assignable to type '{ success: boolean; error: any; message?: undefined; }'.
        Types of property 'message' are incompatible.
          Type 'string' is not assignable to type 'undefined'.
